test_01.in
LFU cache result:
With cache size 2000 and 252969 elems
Hits getted: 150174(Hit ratio: 59.3646%) with execution time 0.167155

Belady cache result:
With cache size 2000 and 252969 elems
Hits getted: 246562(Hit ratio: 97.4673%) with execution time 0.082219

test_02.in
LFU cache result:
With cache size 1306 and 203736 elems
Hits getted: 82628(Hit ratio: 40.5564%) with execution time 0.130001

Belady cache result:
With cache size 1306 and 203736 elems
Hits getted: 197473(Hit ratio: 96.9259%) with execution time 0.074794

test_03.in
LFU cache result:
With cache size 1540 and 159925 elems
Hits getted: 75390(Hit ratio: 47.1408%) with execution time 0.120947

Belady cache result:
With cache size 1540 and 159925 elems
Hits getted: 153816(Hit ratio: 96.1801%) with execution time 0.06874

test_04.in
LFU cache result:
With cache size 1717 and 113114 elems
Hits getted: 57808(Hit ratio: 51.106%) with execution time 0.086309

Belady cache result:
With cache size 1717 and 113114 elems
Hits getted: 107278(Hit ratio: 94.8406%) with execution time 0.048872

test_05.in
LFU cache result:
With cache size 1854 and 202183 elems
Hits getted: 112386(Hit ratio: 55.5863%) with execution time 0.158882

Belady cache result:
With cache size 1854 and 202183 elems
Hits getted: 195898(Hit ratio: 96.8914%) with execution time 0.090984

test_06.in
LFU cache result:
With cache size 929 and 100403 elems
Hits getted: 28906(Hit ratio: 28.79%) with execution time 0.08173

Belady cache result:
With cache size 929 and 100403 elems
Hits getted: 94599(Hit ratio: 94.2193%) with execution time 0.042655

test_07.in
LFU cache result:
With cache size 2389 and 230298 elems
Hits getted: 158382(Hit ratio: 68.7726%) with execution time 0.163389

Belady cache result:
With cache size 2389 and 230298 elems
Hits getted: 223948(Hit ratio: 97.2427%) with execution time 0.076912

test_08.in
LFU cache result:
With cache size 2254 and 200544 elems
Hits getted: 130217(Hit ratio: 64.9319%) with execution time 0.152514

Belady cache result:
With cache size 2254 and 200544 elems
Hits getted: 194275(Hit ratio: 96.874%) with execution time 0.070899

test_09.in
LFU cache result:
With cache size 1067 and 232585 elems
Hits getted: 78109(Hit ratio: 33.583%) with execution time 0.176528

Belady cache result:
With cache size 1067 and 232585 elems
Hits getted: 226202(Hit ratio: 97.2556%) with execution time 0.083287

test_10.in
LFU cache result:
With cache size 1350 and 267713 elems
Hits getted: 111806(Hit ratio: 41.7634%) with execution time 0.181541

Belady cache result:
With cache size 1350 and 267713 elems
Hits getted: 261285(Hit ratio: 97.5989%) with execution time 0.089783

